[backblue.gif]
[fade.gif]
[index.html]
[d3k90kvix375hb.cloudfront.net/assets/modernizr-f14163e4cc2dd8e22d0fe6a2658d068b.js]
[d3k90kvix375hb.cloudfront.net/assets/application-43c8d982c1b592d1d5270ab08b75ab3b.css]
[d3k90kvix375hb.cloudfront.net/assets/home/dx-metrics-47566dd61b2931e2db108f22a2292cca.png]
[d3k90kvix375hb.cloudfront.net/assets/home/dx-dashboard-66ee9216e4fc558919d12edf3251fcf5.png]
[d3k90kvix375hb.cloudfront.net/assets/home/dx-terminal-b6f6432be4709c08d03748c50c6708b5.png]
[d3k90kvix375hb.cloudfront.net/assets/home/dx-logos-4fb95db0834c4bd09cea88a87ef8341b.png]
[d3k90kvix375hb.cloudfront.net/assets/home/enterprise-hero-dash-0805fa7801e04f0374cc279a25409fa0.png]
[d3k90kvix375hb.cloudfront.net/assets/home/enterprise-hero-apps-c5c2666438e0255efe1b599cf2da5c40.png]
[d3k90kvix375hb.cloudfront.net/assets/enterprise/logo-enterprise-6fd942563c9e663a1365ce7c931620e0.png]
[d3k90kvix375hb.cloudfront.net/assets/home/prop-requests-b05ff19a115e8ab9f688aa28c6a53695.png]
[d3k90kvix375hb.cloudfront.net/assets/home/prop-apps-4e5f74722ea27d905d9670295e090c71.png]
[d3k90kvix375hb.cloudfront.net/assets/home/prop-addons-c273171479d5a649b71fe57a3467779c.png]
[d3k90kvix375hb.cloudfront.net/assets/home/logotype-heroku-36c3ecd3ff20da9e45b441d7b6544b3e.png]
[d3k90kvix375hb.cloudfront.net/assets/home/logo-ello-dbef210026f0b77352944f411e92ac48.png]
[d3k90kvix375hb.cloudfront.net/assets/home/feature-dynos-b5ad347034fee00cff0d7edffa832cc9.png]
[d3k90kvix375hb.cloudfront.net/assets/home/feature-database-282f6f813ef279cdd9ba537d8cdb111d.png]
[d3k90kvix375hb.cloudfront.net/assets/home/feature-addons-c0416f7beceeaa5a5c1b8531f5db67bb.png]
[d3k90kvix375hb.cloudfront.net/assets/home/feature-connect-5a930664b4480f010048fbc99aa50027.png]
[d3k90kvix375hb.cloudfront.net/assets/home/feature-support-4e736aeb8f45c23537ba37fa5244897b.png]
[www.heroku.com/index.html]
[d3k90kvix375hb.cloudfront.net/assets/application-43c8d982c1b592d1d5270ab08b75ab3b.css]
[www.googletagmanager.com/gtm5445.html]
[www.heroku.com/home.html]
[d3k90kvix375hb.cloudfront.net/assets/application-c15f843d8049e678e5e9dcf9d19293e8.js]
[d3k90kvix375hb.cloudfront.net/assets/features/features-languages-10b07dd48a826b3272a0215bc9554dc5.png]
[d3k90kvix375hb.cloudfront.net/assets/features/features-addons-2639c6236fc11837bf9f88deadae7f1e.png]
[d3k90kvix375hb.cloudfront.net/assets/features/features-buildpacks-244b3304e47f084437850412fbe8b984.png]
[d3k90kvix375hb.cloudfront.net/assets/features/features-buttons-dfa7b1b83e6ae4cd4bf9b183dd57128f.png]
[d3k90kvix375hb.cloudfront.net/assets/features/features-git-deploy-d7cb69bfb3cadba34849fd181420cf99.png]
[d3k90kvix375hb.cloudfront.net/assets/features/features-heroku-fork-014fddddd259345114c1f53dec2a6198.png]
[d3k90kvix375hb.cloudfront.net/assets/features/features-releases-566bf885a363de78a12ec35f85deafed.png]
[d3k90kvix375hb.cloudfront.net/assets/features/features-regions-c13d54f41297dfb484f3062653821f99.png]
[d3k90kvix375hb.cloudfront.net/assets/features/features-tools-f1ebbb8ded9f206004078d1cbbb5e5d5.png]
[www.heroku.com/features.html]
[www.heroku.com/pricing.html]
[www.heroku.com/contact.html]
[d3k90kvix375hb.cloudfront.net/assets/dx/dx_hero-92829ed20b447f2ccb6ff3b0ad5bbe1b.png]
[d3k90kvix375hb.cloudfront.net/assets/dx/screenshot_metrics-448cfd710e7397d30dc94e7647b52bba.png]
[d3k90kvix375hb.cloudfront.net/assets/dx/screenshot_button-918f3f9fb8548935e6eb0c7654e59054.png]
[d3k90kvix375hb.cloudfront.net/assets/dx/screenshot_postgres-6ead5d6415ebb2de0e929a956d45da9c.png]
[d3k90kvix375hb.cloudfront.net/assets/dx/screenshot_postgres_terminal-402b3fe3e05629281c5f58bee9546a4f.png]
[www.heroku.com/dx.html]
[d3k90kvix375hb.cloudfront.net/assets/enterprise/dash-apps-8a192c28a3eb331fee32507fcf95f746.png]
[d3k90kvix375hb.cloudfront.net/assets/enterprise/logo-forever-living-29fdf9900357222a55e1c0aa908b874a.png]
[d3k90kvix375hb.cloudfront.net/assets/enterprise/illo-collab-5f3fab42e6343ad25138fc513fac664b.png]
[d3k90kvix375hb.cloudfront.net/assets/enterprise/dash-collab-f58fbc41f09da74bd3926a375afdea18.png]
[d3k90kvix375hb.cloudfront.net/assets/enterprise/illo-control-c944e2f94b1fce72091b56d4180e18b2.png]
[d3k90kvix375hb.cloudfront.net/assets/enterprise/dash-control-controls-06c84f06ac96188d3ce28a50fb9e0de6.png]
[d3k90kvix375hb.cloudfront.net/assets/enterprise/dash-control-apps-c3fe3d6a3023be386a15fd303d661633.png]
[d3k90kvix375hb.cloudfront.net/assets/enterprise/dash-control-resources-5b287a480561a2b06f5569d3838721ef.png]
[d3k90kvix375hb.cloudfront.net/assets/enterprise/dash-control-users-ace220858bc069cff4c5138c42db9913.png]
[d3k90kvix375hb.cloudfront.net/assets/enterprise/illo-confidence-8afc3b8b7a7171690806af48c4d993f8.png]
[d3k90kvix375hb.cloudfront.net/assets/enterprise/dash-confidence-6e0145e98cd3ebb36164d1814129d086.png]
[d3k90kvix375hb.cloudfront.net/assets/enterprise/illo-support-c5e7d58ad28bcb280ce20af464035233.png]
[www.heroku.com/enterprise.html]
[d3k90kvix375hb.cloudfront.net/assets/lead-collection/hitchhiker/heroku-logotype-aaaaea49bc023f6b07b7f632338e1156.png]
[d3k90kvix375hb.cloudfront.net/assets/pages/webinar-6e67517b04352d3d70d77c99f12c92e8.js]
[www.heroku.com/form/hitchhiker.html]
[d3k90kvix375hb.cloudfront.net/assets/logo-sfdc-white-e747088ec02d307f0ceb43fc8ee2281d.png]
[d3k90kvix375hb.cloudfront.net/assets/lead-collection/forrester_cover_2-a4273cf080794aff77fb7df8d5c920f2.jpg]
[www.heroku.com/form/forrester.html]
[d3k90kvix375hb.cloudfront.net/assets/postgres-features/operational-expertise-199de030029aca421c35746fe71bc04d.png]
[d3k90kvix375hb.cloudfront.net/assets/postgres-features/dataclips-demo-a7c0f4ada2a2c22ea7f21a1c20ba76be.jpg]
[d3k90kvix375hb.cloudfront.net/assets/postgres-features/fork-03b971609ab70b8f92c1db2f4d934970.png]
[d3k90kvix375hb.cloudfront.net/assets/postgres-features/follow-a4120d6932ae52745a9b7c5c8516bf05.png]
[d3k90kvix375hb.cloudfront.net/assets/postgres-features/continuous-protection-95d787e3c77dfb05bbde1dde1f8cd130.png]
[d3k90kvix375hb.cloudfront.net/assets/postgres-features/multi-ingress-fbae9a6c411f2e4aa1a4992386036736.png]
[d3k90kvix375hb.cloudfront.net/assets/postgres-features/high-availability-d46bd2a2401fc1d12445c7e93f5ee1dd.png]
[d3k90kvix375hb.cloudfront.net/assets/postgres-features/rollback-2fcbf7a690efda3ac5b68888b2414c1f.png]
[d3k90kvix375hb.cloudfront.net/assets/postgres-features/data-clips-01842d1dad61224292c05587a99f515e.png]
[d3k90kvix375hb.cloudfront.net/assets/postgres-features/automated-health-checks-bb977c376197bbdda71aaaa9dc7f6d9c.png]
[www.heroku.com/postgres.html]
[d3k90kvix375hb.cloudfront.net/assets/connect/connect-logo-8257b9c1570ae5434295e5ef30d013bc.png]
[d3k90kvix375hb.cloudfront.net/assets/connect/salesforce-data-cdb1d474527e0b70a8e9b99c09de367e.png]
[d3k90kvix375hb.cloudfront.net/assets/connect/sync-16be6471b1df67a12159784f501f072b.png]
[d3k90kvix375hb.cloudfront.net/assets/connect/connect-odata-5d10c2d3bf76332482c0ec7ac3c652de.png]
[d3k90kvix375hb.cloudfront.net/assets/connect/developer-choice-3be14e482a882e2aa70df29ffdba36bc.png]
[d3k90kvix375hb.cloudfront.net/assets/connect/point-click-2a0ea9ac971f922ce77a660131ceb512.png]
[d3k90kvix375hb.cloudfront.net/assets/connect/force-com-ca7afda8b76eec01bace2895e5f2fefb.png]
[d3k90kvix375hb.cloudfront.net/assets/connect/devex-2cdf7be55fe3018fc8d3be153b5cf033.png]
[d3k90kvix375hb.cloudfront.net/assets/connect/heroku-postgres-56cdf370752155c2ee67a71cc5cdc3b0.png]
[www.heroku.com/connect.html]
[www.heroku.com/critical.html]
[d3k90kvix375hb.cloudfront.net/assets/what/what-metrics-ead4eb784a058d3ee8b688420e764528.png]
[d3k90kvix375hb.cloudfront.net/assets/what/what-apps-69bc1232668a97314d237a26ca024aff.png]
[d3k90kvix375hb.cloudfront.net/assets/what/what-addons-b1d13cb1aa156da492632fb82f0beaca.png]
[www.heroku.com/what.html]
[www.heroku.com/about.html]
[www.heroku.com/assets/jobs/photos/jobs-1.jpg]
[www.heroku.com/assets/jobs/photos/jobs-2.jpg]
[www.heroku.com/assets/jobs/photos/jobs-3.jpg]
[www.heroku.com/assets/jobs/photos/jobs-4.jpg]
[d3k90kvix375hb.cloudfront.net/assets/jobs/icon-makers-46c4c9a6d801ee5dc8d0a5a9411789b5.png]
[d3k90kvix375hb.cloudfront.net/assets/jobs/icon-developers-b330bb20d3a4df0208d32d6c501e9ef4.png]
[www.heroku.com/assets/jobs/photos/jobs-6.jpg]
[www.heroku.com/assets/jobs/photos/jobs-5.jpg]
[www.heroku.com/assets/jobs/photos/jobs-7.jpg]
[www.heroku.com/assets/jobs/photos/jobs-9.jpg]
[www.heroku.com/assets/jobs/photos/jobs-10.jpg]
[www.heroku.com/assets/jobs/photos/jobs-11.jpg]
[www.heroku.com/careers.html]
[s3.amazonaws.com/heroku-www-files/customers/video_thumbnails/macys.jpg]
[s3.amazonaws.com/heroku-www-files/customers/video_thumbnails/toyota.jpg]
[s3.amazonaws.com/heroku-www-files/customers/video_thumbnails/westfield.jpg]
[s3.amazonaws.com/heroku-www-files/customers/logos/thumb/1bytebeta.png]
[s3.amazonaws.com/heroku-www-files/customers/logos/thumb/apartmentlist.png]
[s3.amazonaws.com/heroku-www-files/customers/logos/thumb/applauze.png]
[s3.amazonaws.com/heroku-www-files/customers/logos/thumb/automatic.png]
[s3.amazonaws.com/heroku-www-files/customers/logos/thumb/citrix.png]
[s3.amazonaws.com/heroku-www-files/customers/logos/thumb/croncycle.png]
[s3.amazonaws.com/heroku-www-files/customers/logos/thumb/docsend.png]
[s3.amazonaws.com/heroku-www-files/customers/logos/thumb/dollargeneral.png]
[s3.amazonaws.com/heroku-www-files/customers/logos/thumb/educationafrica.png]
[s3.amazonaws.com/heroku-www-files/customers/logos/thumb/elyciotalen.png]
[s3.amazonaws.com/heroku-www-files/customers/logos/thumb/fling.png]
[s3.amazonaws.com/heroku-www-files/customers/logos/thumb/foreverliving.png]
[s3.amazonaws.com/heroku-www-files/customers/logos/thumb/getfeedback.png]
[s3.amazonaws.com/heroku-www-files/customers/logos/thumb/givegab.png]
[s3.amazonaws.com/heroku-www-files/customers/logos/thumb/glasspanel.png]
[s3.amazonaws.com/heroku-www-files/customers/logos/thumb/glia.png]
[s3.amazonaws.com/heroku-www-files/customers/logos/thumb/hyvee.png]
[s3.amazonaws.com/heroku-www-files/customers/logos/thumb/ifttt.png]
[s3.amazonaws.com/heroku-www-files/customers/logos/thumb/iristv.png]
[s3.amazonaws.com/heroku-www-files/customers/logos/thumb/kimonolabs.png]
[s3.amazonaws.com/heroku-www-files/customers/logos/thumb/lifx.png]
[s3.amazonaws.com/heroku-www-files/customers/logos/thumb/lutron.png]
[s3.amazonaws.com/heroku-www-files/customers/logos/thumb/lynx.png]
[s3.amazonaws.com/heroku-www-files/customers/logos/thumb/macys.png]
[s3.amazonaws.com/heroku-www-files/customers/logos/thumb/marsh.png]
[s3.amazonaws.com/heroku-www-files/customers/logos/thumb/moviepass.png]
[s3.amazonaws.com/heroku-www-files/customers/logos/thumb/nederlandcares.png]
[s3.amazonaws.com/heroku-www-files/customers/logos/thumb/neb.png]
[s3.amazonaws.com/heroku-www-files/customers/logos/thumb/producthunt.png]
[s3.amazonaws.com/heroku-www-files/customers/logos/thumb/quikly.png]
[s3.amazonaws.com/heroku-www-files/customers/logos/thumb/scoot.png]
[s3.amazonaws.com/heroku-www-files/customers/logos/thumb/severntrentwater.png]
[s3.amazonaws.com/heroku-www-files/customers/logos/thumb/innisbrook.png]
[s3.amazonaws.com/heroku-www-files/customers/logos/thumb/soulsend.png]
[s3.amazonaws.com/heroku-www-files/customers/logos/thumb/spaces.png]
[s3.amazonaws.com/heroku-www-files/customers/logos/thumb/thinkingcapital.png]
[s3.amazonaws.com/heroku-www-files/customers/logos/thumb/toyota.png]
[s3.amazonaws.com/heroku-www-files/customers/logos/thumb/tuftandneedle.png]
[s3.amazonaws.com/heroku-www-files/customers/logos/thumb/tv4.png]
[s3.amazonaws.com/heroku-www-files/customers/logos/thumb/urbanbound.png]
[s3.amazonaws.com/heroku-www-files/customers/logos/thumb/varsitybrands.png]
[s3.amazonaws.com/heroku-www-files/customers/logos/thumb/vyrt.png]
[s3.amazonaws.com/heroku-www-files/customers/logos/thumb/westfield.png]
[s3.amazonaws.com/heroku-www-files/customers/logos/thumb/yood.png]
[www.heroku.com/customers.html]
[www.heroku.com/policy/tos.html]
[www.heroku.com/policy/privacy.html]
[www.heroku.com/beta-pricing.html]
[www.heroku.com/policy/security.html]
[www.herokucdn.com/purple/1.0.0/purple.min.css]
[www.heroku.com/assets/jobs/photos/listing-1.jpg]
[www.heroku.com/careers/34.html]
[www.heroku.com/careers/42.html]
[www.heroku.com/careers/51.html]
[www.heroku.com/careers/50.html]
[www.heroku.com/careers/53.html]
[www.heroku.com/careers/57.html]
[www.heroku.com/careers/58.html]
[www.heroku.com/careers/54.html]
[www.heroku.com/careers/31.html]
[www.heroku.com/careers/47.html]
[www.heroku.com/careers/55.html]
[www.heroku.com/careers/61.html]
[www.heroku.com/careers/37.html]
[www.heroku.com/careers/56.html]
[www.heroku.com/careers/48.html]
[www.heroku.com/careers/45.html]
[www.heroku.com/careers/60.html]
[www.heroku.com/careers/59.html]
[www.heroku.com/careers/43.html]
[www.heroku.com/careers/49.html]
[www.heroku.com/careers/52.html]
[www.heroku.com/careers/46.html]
[s3.amazonaws.com/heroku-www-files/customers/logos/macys.png]
[www.heroku.com/customers/macys.html]
[s3.amazonaws.com/heroku-www-files/customers/logos/toyota.png]
[www.heroku.com/customers/toyotamotoreurope.html]
[s3.amazonaws.com/heroku-www-files/customers/logos/westfield.png]
[www.heroku.com/customers/westfieldlabs.html]
[s3.amazonaws.com/heroku-www-files/customers/logos/1bytebeta.png]
[s3.amazonaws.com/heroku-www-files/customers/photos/1bytebeta-1.jpg]
[s3.amazonaws.com/heroku-www-files/customers/photos/1bytebeta-3.jpg]
[s3.amazonaws.com/heroku-www-files/customers/photos/1bytebeta-2.jpg]
[www.heroku.com/customers/1bytebeta.html]
[s3.amazonaws.com/heroku-www-files/customers/logos/apartmentlist.png]
[www.heroku.com/customers/apartmentlist.html]
[s3.amazonaws.com/heroku-www-files/customers/logos/applauze.png]
[www.heroku.com/customers/applauze.html]
[s3.amazonaws.com/heroku-www-files/customers/logos/automatic.png]
[s3.amazonaws.com/heroku-www-files/customers/photos/automatic-car.jpg]
[s3.amazonaws.com/heroku-www-files/customers/photos/automatic-app.jpg]
[s3.amazonaws.com/heroku-www-files/customers/photos/automatic-car-2.jpg]
[www.heroku.com/customers/automatic.html]
[s3.amazonaws.com/heroku-www-files/customers/logos/citrix.png]
[heroku.marketing.s3.amazonaws.com/customers/photos/citrix-3.jpg]
[heroku.marketing.s3.amazonaws.com/customers/photos/citrix-1.jpg]
[heroku.marketing.s3.amazonaws.com/customers/photos/citrix-2.jpg]
[www.heroku.com/customers/citrix.html]
[s3.amazonaws.com/heroku-www-files/customers/logos/croncycle.png]
[www.heroku.com/customers/cronycle.html]
[s3.amazonaws.com/heroku-www-files/customers/logos/docsend.png]
[s3.amazonaws.com/heroku-www-files/customers/photos/docsend-1.jpg]
[s3.amazonaws.com/heroku-www-files/customers/photos/docsend-2.jpg]
[s3.amazonaws.com/heroku-www-files/customers/photos/docsend-3.jpg]
[www.heroku.com/customers/docsend.html]
[s3.amazonaws.com/heroku-www-files/customers/logos/dollargeneral.png]
[www.heroku.com/customers/dollargeneral.html]
[s3.amazonaws.com/heroku-www-files/customers/logos/educationafrica.png]
[s3.amazonaws.com/heroku-www-files/customers/photos/educationafrica-1.jpg]
[s3.amazonaws.com/heroku-www-files/customers/photos/educationafrica-2.jpg]
[s3.amazonaws.com/heroku-www-files/customers/photos/educationafrica-3.jpg]
[www.heroku.com/customers/educationafrica.html]
[s3.amazonaws.com/heroku-www-files/customers/logos/elyciotalen.png]
[www.heroku.com/customers/elyciotalen.html]
[s3.amazonaws.com/heroku-www-files/customers/logos/fling.png]
[s3.amazonaws.com/heroku-www-files/customers/photos/fling-1.png]
[s3.amazonaws.com/heroku-www-files/customers/photos/fling-2.png]
[www.heroku.com/customers/fling.html]
[s3.amazonaws.com/heroku-www-files/customers/logos/foreverliving.png]
[www.heroku.com/customers/foreverliving.html]
[s3.amazonaws.com/heroku-www-files/customers/logos/getfeedback.png]
[www.heroku.com/customers/getfeedback.html]
[s3.amazonaws.com/heroku-www-files/customers/logos/givegab.png]
[s3.amazonaws.com/heroku-www-files/customers/photos/givegab-1.jpg]
[s3.amazonaws.com/heroku-www-files/customers/photos/givegab-2.jpg]
[s3.amazonaws.com/heroku-www-files/customers/photos/givegab-3.jpg]
[www.heroku.com/customers/givegab.html]
[s3.amazonaws.com/heroku-www-files/customers/logos/glasspanel.png]
[s3.amazonaws.com/heroku-www-files/customers/photos/glasspanel-1.jpg]
[s3.amazonaws.com/heroku-www-files/customers/photos/glasspanel-3.jpg]
[s3.amazonaws.com/heroku-www-files/customers/photos/glasspanel-2.jpg]
[www.heroku.com/customers/glasspanel.html]
[s3.amazonaws.com/heroku-www-files/customers/logos/glia.png]
[s3.amazonaws.com/heroku-www-files/customers/photos/glia-1.png]
[s3.amazonaws.com/heroku-www-files/customers/photos/glia-2.png]
[s3.amazonaws.com/heroku-www-files/customers/photos/glia-3.png]
[www.heroku.com/customers/glia.html]
[s3.amazonaws.com/heroku-www-files/customers/logos/hyvee.png]
[www.heroku.com/customers/hy-vee.html]
[s3.amazonaws.com/heroku-www-files/customers/logos/ifttt.png]
[s3.amazonaws.com/heroku-www-files/customers/photos/ifttt-3.jpg]
[s3.amazonaws.com/heroku-www-files/customers/photos/ifttt-5.jpg]
[s3.amazonaws.com/heroku-www-files/customers/photos/ifttt-do.gif]
[s3.amazonaws.com/heroku-www-files/customers/photos/ifttt-4.jpg]
[www.heroku.com/customers/ifttt.html]
[s3.amazonaws.com/heroku-www-files/customers/logos/iristv.png]
[www.heroku.com/customers/iristv.html]
[s3.amazonaws.com/heroku-www-files/customers/logos/kimonolabs.png]
[s3.amazonaws.com/heroku-www-files/customers/photos/kimonolabs-1.jpg]
[s3.amazonaws.com/heroku-www-files/customers/photos/kimonolabs-2.jpg]
[s3.amazonaws.com/heroku-www-files/customers/photos/kimonolabs-3.jpg]
[www.heroku.com/customers/kimonolabs.html]
[s3.amazonaws.com/heroku-www-files/customers/logos/lifx.png]
[www.heroku.com/customers/lifx.html]
[s3.amazonaws.com/heroku-www-files/customers/logos/lutron.png]
[www.heroku.com/customers/lutron.html]
[s3.amazonaws.com/heroku-www-files/customers/logos/lynx.png]
[heroku.marketing.s3.amazonaws.com/customers/photos/lynx1.jpg]
[heroku.marketing.s3.amazonaws.com/customers/photos/lynx3.jpg]
[heroku.marketing.s3.amazonaws.com/customers/photos/lynx2.jpg]
[www.heroku.com/customers/lynx.html]
[s3.amazonaws.com/heroku-www-files/customers/logos/marsh.png]
[www.heroku.com/customers/marsh.html]
[s3.amazonaws.com/heroku-www-files/customers/logos/moviepass.png]
[www.heroku.com/customers/moviepass.html]
[s3.amazonaws.com/heroku-www-files/customers/logos/nederlandcares.png]
[s3.amazonaws.com/heroku-www-files/customers/photos/nederlandcares-1.jpg]
[s3.amazonaws.com/heroku-www-files/customers/photos/nederlandcares-2.jpg]
[www.heroku.com/customers/nederlandcares.html]
[s3.amazonaws.com/heroku-www-files/customers/logos/neb.png]
[s3.amazonaws.com/heroku-www-files/customers/photos/neb-1.jpg]
[s3.amazonaws.com/heroku-www-files/customers/photos/neb-2.jpg]
[www.heroku.com/customers/neb.html]
[s3.amazonaws.com/heroku-www-files/customers/logos/producthunt.png]
[s3.amazonaws.com/heroku-www-files/customers/photos/producthunt-1.jpg]
[s3.amazonaws.com/heroku-www-files/customers/photos/producthunt-2.jpg]
[s3.amazonaws.com/heroku-www-files/customers/photos/producthunt-3.jpg]
[www.heroku.com/customers/producthunt.html]
[s3.amazonaws.com/heroku-www-files/customers/logos/quikly.png]
[www.heroku.com/customers/quikly.html]
[s3.amazonaws.com/heroku-www-files/customers/logos/scoot.png]
[www.heroku.com/customers/scootnetworks.html]
[s3.amazonaws.com/heroku-www-files/customers/logos/severntrentwater.png]
[www.heroku.com/customers/severntrentwater.html]
[s3.amazonaws.com/heroku-www-files/customers/logos/innisbrook.png]
[www.heroku.com/customers/innisbrook.html]
[s3.amazonaws.com/heroku-www-files/customers/logos/soulsend.png]
[s3.amazonaws.com/heroku-www-files/customers/photos/soulsend-1.jpg]
[s3.amazonaws.com/heroku-www-files/customers/photos/soulsend-2.jpg]
[www.heroku.com/customers/soulsend.html]
[s3.amazonaws.com/heroku-www-files/customers/logos/spaces.png]
[s3.amazonaws.com/heroku-www-files/customers/photos/spaces3.jpg]
[s3.amazonaws.com/heroku-www-files/customers/photos/spaces2.jpg]
[s3.amazonaws.com/heroku-www-files/customers/photos/spaces1.jpg]
[www.heroku.com/customers/spaces.html]
[s3.amazonaws.com/heroku-www-files/customers/logos/thinkingcapital.png]
[s3.amazonaws.com/heroku-www-files/customers/photos/thinkingcaptial-1.jpg]
[s3.amazonaws.com/heroku-www-files/customers/photos/thinkingcaptial-2.jpg]
[s3.amazonaws.com/heroku-www-files/customers/photos/thinkingcaptial-3.jpg]
[www.heroku.com/customers/thinkingcapital.html]
[s3.amazonaws.com/heroku-www-files/customers/logos/tuftandneedle.png]
[s3.amazonaws.com/heroku-www-files/customers/photos/tan-3.jpg]
[s3.amazonaws.com/heroku-www-files/customers/photos/tan-2.jpg]
[s3.amazonaws.com/heroku-www-files/customers/photos/tan-1.jpg]
[s3.amazonaws.com/heroku-www-files/customers/photos/tan-4.jpg]
[www.heroku.com/customers/tuftandneedle.html]
[s3.amazonaws.com/heroku-www-files/customers/logos/tv4.png]
[www.heroku.com/customers/tv4.html]
[s3.amazonaws.com/heroku-www-files/customers/logos/urbanbound.png]
[s3.amazonaws.com/heroku-www-files/customers/photos/urbanbound-2.jpg]
[s3.amazonaws.com/heroku-www-files/customers/photos/urbanbound-3.jpg]
[s3.amazonaws.com/heroku-www-files/customers/photos/urbanbound-1.jpg]
[www.heroku.com/customers/urbanbound.html]
[s3.amazonaws.com/heroku-www-files/customers/logos/varsitybrands.png]
[s3.amazonaws.com/heroku-www-files/customers/photos/varsity-1.jpg]
[s3.amazonaws.com/heroku-www-files/customers/photos/varsity-2.jpg]
[www.heroku.com/customers/varsitybrands.html]
[s3.amazonaws.com/heroku-www-files/customers/logos/vyrt.png]
[www.heroku.com/customers/vyrt.html]
[s3.amazonaws.com/heroku-www-files/customers/logos/yood.png]
[s3.amazonaws.com/heroku-www-files/customers/photos/yood-1.png]
[www.heroku.com/customers/yood.html]
[www.heroku.com/tos.html]
[www.heroku.com/policy/promise.html]
[www.heroku.com/policy/aup.html]
[www.heroku.com/policy/support.html]
[www.heroku.com/policy/events.html]
[www.heroku.com/policy/trademark.html]
[www.heroku.com/policy/dmca.html]
[www.heroku.com/privacy.html]
[www.heroku.com/policy/sites.html]
[www.heroku.com/policy/security-at-heroku.html]
[www.heroku.com/policy/security-hall-of-fame.html]
[www.herokucdn.com/purple/1.0.0/bootstrap/glyphicons-halflings-regular.html]
[www.herokucdn.com/purple/1.0.0/bootstrap/glyphicons-halflings-regulard41d.html]
[www.herokucdn.com/purple/1.0.0/bootstrap/glyphicons-halflings-regular-2.html]
[www.herokucdn.com/purple/1.0.0/bootstrap/glyphicons-halflings-regular-3.html]
[www.herokucdn.com/purple/1.0.0/bootstrap/glyphicons-halflings-regular-4.html]
[www.heroku.com/customers/www.flingapp.co]
[www.heroku.com/customers/www.bluerocket.us]
[www.heroku.com/promise.html]
[www.heroku.com/aup.html]
[www.heroku.com/support.html]
[www.heroku.com/trademark.html]
[www.heroku.com/dmca.html]
[www.heroku.com/sites.html]
[www.heroku.com/security-at-heroku.html]
[www.heroku.com/security-hall-of-fame.html]
